   1               		.file	"main.c"
   2               	__SREG__ = 0x3f
   3               	__SP_H__ = 0x3e
   4               	__SP_L__ = 0x3d
   5               	__CCP__  = 0x34
   6               	__tmp_reg__ = 0
   7               	__zero_reg__ = 1
   9               		.text
  10               	.Ltext0:
  87               	.global	adc_init
  89               	adc_init:
  91               	.Ltext1:
   1:adc.h         **** 
   2:adc.h         **** 
   3:adc.h         **** #ifndef _ADC_H_
   4:adc.h         **** #define _ADC_H_						//This is the header for AVR Microcontroller.
   5:adc.h         **** #include<avr/io.h>
   6:adc.h         **** #include<util/delay.h>		//header file for genarating time delay
   7:adc.h         **** 		//headerfile for interfacing LCD
   8:adc.h         **** #include<avr/interrupt.h>			//header file for using interrupt service routins
   9:adc.h         **** 
  10:adc.h         **** 
  11:adc.h         ****  void adc_init()
  12:adc.h         ****  {
  92               	tabn	68,0,13,.LM1-.LFBB1
  93               	.LM1:
  94               		ldi r24,lo8(-26)
  95               		out 38-32,r24
  96               	/* epilogue start */
  13:adc.h         ****   ADCSRA=0XE6;						//ADC enable, ADC interrupt enable, set prescaller to 64
  97               	bn	68,0,15,.LM2-.LFBB1
  98               	.LM2:
  99 0000 86EE      		ret
 101               	.Lscope1:
  14:adc.h         ****   		
  15:adc.h         ****  }
 102               	bs	"getdata:F(0,4)",36,0,0,getdata
 104 0004 0895      	.global	getdata
 106               	getdata:
 108               	.LM3:
 109               	.LFBB2:
 110               	/* prologue: function */
 111               	/* frame size = 0 */
  16:adc.h         ****  unsigned int getdata(unsigned char chno)	
  17:adc.h         ****   {
 112               	,0,19,.LM4-.LFBB2
 113               	.LM4:
 114               		ldi r25,lo8(64)
 115               		out 39-32,r25
  18:adc.h         **** 	unsigned int adcdata,adcdata1;
  19:adc.h         ****     ADMUX=0X40;						//right align the ADC result
 117               	
 118               		in r25,39-32
 119 0006 90E4      		or r25,r24
 120 0008 97B9      		out 39-32,r25
  20:adc.h         ****     ADMUX|=chno;					//select the ADC channel
 121               	B123:
 122               	.LBB124:
 123 000a 97B1      	.LBB125:
 124 000c 982B      	.LBB126:
 126               	.Ltext2:
 128               	.LM6:
 129               		ldi r24,lo8(3000)
 130               		ldi r25,hi8(3000)
 131               	/* #APP */
   1:g:/winavr/lib/gcc/../../avr/include/util/delay_basic.h **** /* Copyright (c) 2002, Marek Michalkiewicz
   2:g:/winavr/lib/gcc/../../avr/include/util/delay_basic.h ****    Copyright (c) 2007 Joerg Wunsch
   3:g:/winavr/lib/gcc/../../avr/include/util/delay_basic.h ****    All rights reserved.
   4:g:/winavr/lib/gcc/../../avr/include/util/delay_basic.h **** 
   5:g:/winavr/lib/gcc/../../avr/include/util/delay_basic.h ****    Redistribution and use in source and binary forms, with or without
   6:g:/winavr/lib/gcc/../../avr/include/util/delay_basic.h ****    modification, are permitted provided that the following conditions are met:
   7:g:/winavr/lib/gcc/../../avr/include/util/delay_basic.h **** 
   8:g:/winavr/lib/gcc/../../avr/include/util/delay_basic.h ****    * Redistributions of source code must retain the above copyright
   9:g:/winavr/lib/gcc/../../avr/include/util/delay_basic.h ****      notice, this list of conditions and the following disclaimer.
  10:g:/winavr/lib/gcc/../../avr/include/util/delay_basic.h **** 
  11:g:/winavr/lib/gcc/../../avr/include/util/delay_basic.h ****    * Redistributions in binary form must reproduce the above copyright
  12:g:/winavr/lib/gcc/../../avr/include/util/delay_basic.h ****      notice, this list of conditions and the following disclaimer in
  13:g:/winavr/lib/gcc/../../avr/include/util/delay_basic.h ****      the documentation and/or other materials provided with the
  14:g:/winavr/lib/gcc/../../avr/include/util/delay_basic.h ****      distribution.
  15:g:/winavr/lib/gcc/../../avr/include/util/delay_basic.h **** 
  16:g:/winavr/lib/gcc/../../avr/include/util/delay_basic.h ****    * Neither the name of the copyright holders nor the names of
  17:g:/winavr/lib/gcc/../../avr/include/util/delay_basic.h ****      contributors may be used to endorse or promote products derived
  18:g:/winavr/lib/gcc/../../avr/include/util/delay_basic.h ****      from this software without specific prior written permission.
  19:g:/winavr/lib/gcc/../../avr/include/util/delay_basic.h **** 
  20:g:/winavr/lib/gcc/../../avr/include/util/delay_basic.h ****   THIS SOFTWARE IS PROVIDED BY THE COPYRIGHT HOLDERS AND CONTRIBUTORS "AS IS"
  21:g:/winavr/lib/gcc/../../avr/include/util/delay_basic.h ****   AND ANY EXPRESS OR IMPLIED WARRANTIES, INCLUDING, BUT NOT LIMITED TO, THE
  22:g:/winavr/lib/gcc/../../avr/include/util/delay_basic.h ****   IMPLIED WARRANTIES OF MERCHANTABILITY AND FITNESS FOR A PARTICULAR PURPOSE
  23:g:/winavr/lib/gcc/../../avr/include/util/delay_basic.h ****   ARE DISCLAIMED. IN NO EVENT SHALL THE COPYRIGHT OWNER OR CONTRIBUTORS BE
  24:g:/winavr/lib/gcc/../../avr/include/util/delay_basic.h ****   LIABLE FOR ANY DIRECT, INDIRECT, INCIDENTAL, SPECIAL, EXEMPLARY, OR
  25:g:/winavr/lib/gcc/../../avr/include/util/delay_basic.h ****   CONSEQUENTIAL DAMAGES (INCLUDING, BUT NOT LIMITED TO, PROCUREMENT OF
  26:g:/winavr/lib/gcc/../../avr/include/util/delay_basic.h ****   SUBSTITUTE GOODS OR SERVICES; LOSS OF USE, DATA, OR PROFITS; OR BUSINESS
  27:g:/winavr/lib/gcc/../../avr/include/util/delay_basic.h ****   INTERRUPTION) HOWEVER CAUSED AND ON ANY THEORY OF LIABILITY, WHETHER IN
  28:g:/winavr/lib/gcc/../../avr/include/util/delay_basic.h ****   CONTRACT, STRICT LIABILITY, OR TORT (INCLUDING NEGLIGENCE OR OTHERWISE)
  29:g:/winavr/lib/gcc/../../avr/include/util/delay_basic.h ****   ARISING IN ANY WAY OUT OF THE USE OF THIS SOFTWARE, EVEN IF ADVISED OF THE
  30:g:/winavr/lib/gcc/../../avr/include/util/delay_basic.h ****   POSSIBILITY OF SUCH DAMAGE. */
  31:g:/winavr/lib/gcc/../../avr/include/util/delay_basic.h **** 
  32:g:/winavr/lib/gcc/../../avr/include/util/delay_basic.h **** /* $Id: delay_basic.h,v 1.1 2007/05/13 21:23:20 joerg_wunsch Exp $ */
  33:g:/winavr/lib/gcc/../../avr/include/util/delay_basic.h **** 
  34:g:/winavr/lib/gcc/../../avr/include/util/delay_basic.h **** #ifndef _UTIL_DELAY_BASIC_H_
  35:g:/winavr/lib/gcc/../../avr/include/util/delay_basic.h **** #define _UTIL_DELAY_BASIC_H_ 1
  36:g:/winavr/lib/gcc/../../avr/include/util/delay_basic.h **** 
  37:g:/winavr/lib/gcc/../../avr/include/util/delay_basic.h **** #include <inttypes.h>
  38:g:/winavr/lib/gcc/../../avr/include/util/delay_basic.h **** 
  39:g:/winavr/lib/gcc/../../avr/include/util/delay_basic.h **** /** \file */
  40:g:/winavr/lib/gcc/../../avr/include/util/delay_basic.h **** /** \defgroup util_delay_basic <util/delay_basic.h>: Basic busy-wait delay loops
  41:g:/winavr/lib/gcc/../../avr/include/util/delay_basic.h ****     \code
  42:g:/winavr/lib/gcc/../../avr/include/util/delay_basic.h ****     #include <util/delay_basic.h>
  43:g:/winavr/lib/gcc/../../avr/include/util/delay_basic.h ****     \endcode
  44:g:/winavr/lib/gcc/../../avr/include/util/delay_basic.h **** 
  45:g:/winavr/lib/gcc/../../avr/include/util/delay_basic.h ****     The functions in this header file implement simple delay loops
  46:g:/winavr/lib/gcc/../../avr/include/util/delay_basic.h ****     that perform a busy-waiting.  They are typically used to
  47:g:/winavr/lib/gcc/../../avr/include/util/delay_basic.h ****     facilitate short delays in the program execution.  They are
  48:g:/winavr/lib/gcc/../../avr/include/util/delay_basic.h ****     implemented as count-down loops with a well-known CPU cycle
  49:g:/winavr/lib/gcc/../../avr/include/util/delay_basic.h ****     count per loop iteration.  As such, no other processing can
  50:g:/winavr/lib/gcc/../../avr/include/util/delay_basic.h ****     occur simultaneously.  It should be kept in mind that the
  51:g:/winavr/lib/gcc/../../avr/include/util/delay_basic.h ****     functions described here do not disable interrupts.
  52:g:/winavr/lib/gcc/../../avr/include/util/delay_basic.h **** 
  53:g:/winavr/lib/gcc/../../avr/include/util/delay_basic.h ****     In general, for long delays, the use of hardware timers is
  54:g:/winavr/lib/gcc/../../avr/include/util/delay_basic.h ****     much preferrable, as they free the CPU, and allow for
  55:g:/winavr/lib/gcc/../../avr/include/util/delay_basic.h ****     concurrent processing of other events while the timer is
  56:g:/winavr/lib/gcc/../../avr/include/util/delay_basic.h ****     running.  However, in particular for very short delays, the
  57:g:/winavr/lib/gcc/../../avr/include/util/delay_basic.h ****     overhead of setting up a hardware timer is too much compared
  58:g:/winavr/lib/gcc/../../avr/include/util/delay_basic.h ****     to the overall delay time.
  59:g:/winavr/lib/gcc/../../avr/include/util/delay_basic.h **** 
  60:g:/winavr/lib/gcc/../../avr/include/util/delay_basic.h ****     Two inline functions are provided for the actual delay algorithms.
  61:g:/winavr/lib/gcc/../../avr/include/util/delay_basic.h **** 
  62:g:/winavr/lib/gcc/../../avr/include/util/delay_basic.h **** */
  63:g:/winavr/lib/gcc/../../avr/include/util/delay_basic.h **** 
  64:g:/winavr/lib/gcc/../../avr/include/util/delay_basic.h **** #if !defined(__DOXYGEN__)
  65:g:/winavr/lib/gcc/../../avr/include/util/delay_basic.h **** static inline void _delay_loop_1(uint8_t __count) __attribute__((always_inline));
  66:g:/winavr/lib/gcc/../../avr/include/util/delay_basic.h **** static inline void _delay_loop_2(uint16_t __count) __attribute__((always_inline));
  67:g:/winavr/lib/gcc/../../avr/include/util/delay_basic.h **** #endif
  68:g:/winavr/lib/gcc/../../avr/include/util/delay_basic.h **** 
  69:g:/winavr/lib/gcc/../../avr/include/util/delay_basic.h **** /** \ingroup util_delay_basic
  70:g:/winavr/lib/gcc/../../avr/include/util/delay_basic.h **** 
  71:g:/winavr/lib/gcc/../../avr/include/util/delay_basic.h ****     Delay loop using an 8-bit counter \c __count, so up to 256
  72:g:/winavr/lib/gcc/../../avr/include/util/delay_basic.h ****     iterations are possible.  (The value 256 would have to be passed
  73:g:/winavr/lib/gcc/../../avr/include/util/delay_basic.h ****     as 0.)  The loop executes three CPU cycles per iteration, not
  74:g:/winavr/lib/gcc/../../avr/include/util/delay_basic.h ****     including the overhead the compiler needs to setup the counter
  75:g:/winavr/lib/gcc/../../avr/include/util/delay_basic.h ****     register.
  76:g:/winavr/lib/gcc/../../avr/include/util/delay_basic.h **** 
  77:g:/winavr/lib/gcc/../../avr/include/util/delay_basic.h ****     Thus, at a CPU speed of 1 MHz, delays of up to 768 microseconds
  78:g:/winavr/lib/gcc/../../avr/include/util/delay_basic.h ****     can be achieved.
  79:g:/winavr/lib/gcc/../../avr/include/util/delay_basic.h **** */
  80:g:/winavr/lib/gcc/../../avr/include/util/delay_basic.h **** void
  81:g:/winavr/lib/gcc/../../avr/include/util/delay_basic.h **** _delay_loop_1(uint8_t __count)
  82:g:/winavr/lib/gcc/../../avr/include/util/delay_basic.h **** {
  83:g:/winavr/lib/gcc/../../avr/include/util/delay_basic.h **** 	__asm__ volatile (
  84:g:/winavr/lib/gcc/../../avr/include/util/delay_basic.h **** 		"1: dec %0" "\n\t"
  85:g:/winavr/lib/gcc/../../avr/include/util/delay_basic.h **** 		"brne 1b"
  86:g:/winavr/lib/gcc/../../avr/include/util/delay_basic.h **** 		: "=r" (__count)
  87:g:/winavr/lib/gcc/../../avr/include/util/delay_basic.h **** 		: "0" (__count)
  88:g:/winavr/lib/gcc/../../avr/include/util/delay_basic.h **** 	);
  89:g:/winavr/lib/gcc/../../avr/include/util/delay_basic.h **** }
  90:g:/winavr/lib/gcc/../../avr/include/util/delay_basic.h **** 
  91:g:/winavr/lib/gcc/../../avr/include/util/delay_basic.h **** /** \ingroup util_delay_basic
  92:g:/winavr/lib/gcc/../../avr/include/util/delay_basic.h **** 
  93:g:/winavr/lib/gcc/../../avr/include/util/delay_basic.h ****     Delay loop using a 16-bit counter \c __count, so up to 65536
  94:g:/winavr/lib/gcc/../../avr/include/util/delay_basic.h ****     iterations are possible.  (The value 65536 would have to be
  95:g:/winavr/lib/gcc/../../avr/include/util/delay_basic.h ****     passed as 0.)  The loop executes four CPU cycles per iteration,
  96:g:/winavr/lib/gcc/../../avr/include/util/delay_basic.h ****     not including the overhead the compiler requires to setup the
  97:g:/winavr/lib/gcc/../../avr/include/util/delay_basic.h ****     counter register pair.
  98:g:/winavr/lib/gcc/../../avr/include/util/delay_basic.h **** 
  99:g:/winavr/lib/gcc/../../avr/include/util/delay_basic.h ****     Thus, at a CPU speed of 1 MHz, delays of up to about 262.1
 100:g:/winavr/lib/gcc/../../avr/include/util/delay_basic.h ****     milliseconds can be achieved.
 101:g:/winavr/lib/gcc/../../avr/include/util/delay_basic.h ****  */
 102:g:/winavr/lib/gcc/../../avr/include/util/delay_basic.h **** void
 103:g:/winavr/lib/gcc/../../avr/include/util/delay_basic.h **** _delay_loop_2(uint16_t __count)
 104:g:/winavr/lib/gcc/../../avr/include/util/delay_basic.h **** {
 105:g:/winavr/lib/gcc/../../avr/include/util/delay_basic.h **** 	__asm__ volatile (
 132               	/winavr/lib/gcc/../../avr/include/util/delay_basic.h" 1
 133               		1: sbiw r24,1
 134 0010 88EB      		brne 1b
 135 0012 9BE0      	 ;  0 "" 2
 136               	/* #NOAPP */
 137               	.LBE126:
 138 0014 0197      	.LBE125:
 139 0016 01F4      	.LBE124:
 140               	.LBE123:
 142               	.Ltext3:
 144               	.LM7:
 145               		in r25,36-32
 147               	.LM8:
  21:adc.h         ****     //ADCSRA|=0X40;					//start ADC convertion
  22:adc.h         ****     _delay_ms(1);
  23:adc.h         **** adcdata1=ADCL;					//give some time delay to complit the aDC convertion
 148               	ov r19,r24
 149               		ldi r18,lo8(0)
 150 0018 94B1      		add r18,r25
  24:adc.h         **** 	adcdata=ADCH;
 151               	c r19,__zero_reg__
 153 001a 85B1      	.LM9:
 154 001c 382F      		movw r24,r18
 155 001e 20E0      	/* epilogue start */
 156 0020 290F      		ret
  25:adc.h         **** 	
  26:adc.h         **** 	adcdata1+=(adcdata<<8);
  27:adc.h         **** 	return (adcdata1);
  28:adc.h         **** 	
  29:adc.h         **** 	
  30:adc.h         ****   }
 158               	2:
 161               	.global	cmd
 163               	cmd:
 165               	.Ltext4:
 167               	.LM10:
 168               	.LFBB3:
 169               	/* prologue: function */
 170               	/* frame size = 0 */
   1:main.c        **** #include<avr/io.h>
   2:main.c        **** #include<util/delay.h>
   3:main.c        **** #include "adc.h"
   4:main.c        **** #include <stdio.h>
   5:main.c        **** #include <stdlib.h>
   6:main.c        **** 
   7:main.c        **** void cmd(unsigned char);
   8:main.c        **** void data(unsigned char);
   9:main.c        **** 
  10:main.c        **** void main(){
  11:main.c        **** char c[10];
  12:main.c        **** int i=1000,j;
  13:main.c        **** DDRB=0xff;
  14:main.c        **** DDRD=0xff;
  15:main.c        **** 
  16:main.c        **** 
  17:main.c        **** cmd(0x0C);
  18:main.c        **** cmd(0x01);
  19:main.c        **** cmd(0x80);
  20:main.c        **** cmd(0x38);
  21:main.c        **** 
  22:main.c        **** 
  23:main.c        **** adc_init();
  24:main.c        **** 
  25:main.c        **** 
  26:main.c        **** while(1){
  27:main.c        **** i=getdata(0x01);
  28:main.c        **** itoa(i,c,10);
  29:main.c        **** for(j=0;j<4;j++)
  30:main.c        **** {
  31:main.c        **** data(c[j]);
  32:main.c        **** 
  33:main.c        **** }
  34:main.c        **** _delay_ms(50);
  35:main.c        **** cmd(0x01);
  36:main.c        **** 
  37:main.c        **** }
  38:main.c        **** 
  39:main.c        **** }
  40:main.c        **** 
  41:main.c        **** 
  42:main.c        **** void cmd(unsigned char a){
 172               	-32,r24
 174               	.LM12:
 175               		ldi r24,lo8(4)
 176               		out 50-32,r24
  43:main.c        **** PORTB=a;
 177               	27:
 178               	.LBB128:
 179 0028 88BB      	.LBB129:
  44:main.c        **** PORTD=0x04;
 180               	B130:
 182 002a 84E0      	.Ltext5:
 184               	.LM13:
 185               		ldi r24,lo8(3000)
 186               		ldi r25,hi8(3000)
 187               		movw r30,r24
 188               	/* #APP */
 189               	 ;  105 "g:/winavr/lib/gcc/../../avr/include/util/delay_basic.h" 1
 190               		1: sbiw r30,1
 191               		brne 1b
 192 002e 88EB      	 ;  0 "" 2
 193 0030 9BE0      	/* #NOAPP */
 194 0032 FC01      	.LBE130:
 195               	.LBE129:
 196               	.LBE128:
 197 0034 3197      	.LBE127:
 199               	.Ltext6:
 201               	.LM14:
 202               		out 50-32,__zero_reg__
 203               	.LBB131:
 204               	.LBB132:
 205               	.LBB133:
 206               	.LBB134:
  45:main.c        **** _delay_ms(1);
  46:main.c        **** PORTD=0x00;
 207               	../../avr/include/util/delay_basic.h",132,0,0,.Ltext7
 208               	.Ltext7:
 210               	.LM15:
 211               	/* #APP */
 212               	 ;  105 "g:/winavr/lib/gcc/../../avr/include/util/delay_basic.h" 1
 213               		1: sbiw r24,1
 214               		brne 1b
 215               	 ;  0 "" 2
 216               	/* epilogue start */
 217               	/* #NOAPP */
 218               	.LBE134:
 219               	.LBE133:
 220 003a 0197      	.LBE132:
 221 003c 01F4      	.LBE131:
 223               	.Ltext8:
 225               	.LM16:
 226               		ret
 228               	.Lscope3:
  47:main.c        **** _delay_ms(1);
  48:main.c        **** 
  49:main.c        **** 
  50:main.c        **** 
  51:main.c        **** }
 231               	, @function
 232               	data:
 234               	.LM17:
 235               	.LFBB4:
 236               	/* prologue: function */
 237               	/* frame size = 0 */
 239               	.LM18:
 240               		out 56-32,r24
  52:main.c        **** 
  53:main.c        **** void data(unsigned char a){
 241               	,0,55,.LM19-.LFBB4
 242               	.LM19:
 243               		ldi r24,lo8(5)
 244               		out 50-32,r24
 245               	.LBB135:
  54:main.c        **** PORTB=a;
 246               	36:
 247               	.LBB137:
 248 0040 88BB      	.LBB138:
  55:main.c        **** PORTD=0x05;//making en and rs as 1
 249               	tabs	"g:/winavr/lib/gcc/../../avr/include/util/delay_basic.h",132,0,0,.Ltext9
 250               	.Ltext9:
 252 0044 82BB      	.LM20:
 253               		ldi r24,lo8(3000)
 254               		ldi r25,hi8(3000)
 255               		movw r30,r24
 256               	/* #APP */
 257               	 ;  105 "g:/winavr/lib/gcc/../../avr/include/util/delay_basic.h" 1
 258               		1: sbiw r30,1
 259               		brne 1b
 260               	 ;  0 "" 2
 261 0046 88EB      	/* #NOAPP */
 262 0048 9BE0      	.LBE138:
 263 004a FC01      	.LBE137:
 264               	.LBE136:
 265               	.LBE135:
 267 004e 01F4      	.Ltext10:
 269               	.LM21:
 270               		out 50-32,__zero_reg__
 271               	.LBB139:
 272               	.LBB140:
 273               	.LBB141:
 274               	.LBB142:
  56:main.c        **** _delay_ms(1);
  57:main.c        **** PORTD=0x00;
 276               	.LM22-.LFBB4
 277               	.LM22:
 278 0050 12BA      	/* #APP */
 279               	 ;  105 "g:/winavr/lib/gcc/../../avr/include/util/delay_basic.h" 1
 280               		1: sbiw r24,1
 281               		brne 1b
 282               	 ;  0 "" 2
 283               	/* epilogue start */
 284               	/* #NOAPP */
 285               	.LBE142:
 286               	.LBE141:
 287               	.LBE140:
 288               	.LBE139:
 290 0054 01F4      	.Ltext12:
 292               	.LM23:
 293               		ret
 295               	.Lscope4:
 297               	.global	main
 299               	main:
  58:main.c        **** _delay_ms(1);
  59:main.c        **** 
  60:main.c        **** 
  61:main.c        **** }...
 300               	FBB5
 301               	.LM24:
 302 0056 0895      	.LFBB5:
 303               		push r4
 304               		push r5
 305               		push r6
 306               		push r7
 307               		push r8
 308               		push r9
 309               		push r10
 310               		push r11
 311               		push r12
 312 0058 4F92      		push r13
 313 005a 5F92      		push r14
 314 005c 6F92      		push r15
 315 005e 7F92      		push r16
 316 0060 8F92      		push r17
 317 0062 9F92      		push r29
 318 0064 AF92      		push r28
 319 0066 BF92      		in r28,__SP_L__
 320 0068 CF92      		in r29,__SP_H__
 321 006a DF92      		sbiw r28,10
 322 006c EF92      		in __tmp_reg__,__SREG__
 323 006e FF92      		cli
 324 0070 0F93      		out __SP_H__,r29
 325 0072 1F93      		out __SREG__,__tmp_reg__
 326 0074 DF93      		out __SP_L__,r28
 327 0076 CF93      	/* prologue: function */
 328 0078 CDB7      	/* frame size = 10 */
 330 007c 2A97      	.LM25:
 331 007e 0FB6      		ldi r24,lo8(-1)
 332 0080 F894      		out 55-32,r24
 334 0084 0FBE      	.LM26:
 335 0086 CDBF      		out 49-32,r24
 336               	.LBB143:
 337               	.LBB144:
 339               	.LM27:
 340 0088 8FEF      		ldi r24,lo8(12)
 341 008a 87BB      		out 56-32,r24
 343               	.LM28:
 344 008c 81BB      		ldi r25,lo8(4)
 345               		out 50-32,r25
 346               	.LBB145:
 347               	.LBB146:
 348               	.LBB147:
 349 008e 8CE0      	.LBB148:
 351               	.Ltext13:
 353 0092 94E0      	.LM29:
 354 0094 92BB      		ldi r18,lo8(3000)
 355               		ldi r19,hi8(3000)
 356               		movw r30,r18
 357               	/* #APP */
 358               	 ;  105 "g:/winavr/lib/gcc/../../avr/include/util/delay_basic.h" 1
 359               		1: sbiw r30,1
 360               		brne 1b
 361               	 ;  0 "" 2
 362               	/* #NOAPP */
 363 0096 28EB      	.LBE148:
 364 0098 3BE0      	.LBE147:
 365 009a F901      	.LBE146:
 366               	.LBE145:
 368 009c 3197      	.Ltext14:
 370               	.LM30:
 371               		out 50-32,__zero_reg__
 372               	.LBB149:
 373               	.LBB150:
 374               	.LBB151:
 375               	.LBB152:
 377               	.Ltext15:
 379               	.LM31:
 380 00a0 12BA      		movw r30,r18
 381               	/* #APP */
 382               	 ;  105 "g:/winavr/lib/gcc/../../avr/include/util/delay_basic.h" 1
 383               		1: sbiw r30,1
 384               		brne 1b
 385               	 ;  0 "" 2
 386               	/* #NOAPP */
 387               	.LBE152:
 388               	.LBE151:
 389 00a2 F901      	.LBE150:
 390               	.LBE149:
 391               	.LBE144:
 392 00a4 3197      	.LBE143:
 393 00a6 01F4      	.LBB153:
 394               	.LBB154:
 396               	.Ltext16:
 398               	.LM32:
 399               		ldi r24,lo8(1)
 400               		out 56-32,r24
 402               	.LM33:
 403               		out 50-32,r25
 404               	.LBB155:
 405               	.LBB156:
 406               	.LBB157:
 407               	.LBB158:
 409 00aa 88BB      	.Ltext17:
 411               	.LM34:
 412 00ac 92BB      		movw r30,r18
 413               	/* #APP */
 414               	 ;  105 "g:/winavr/lib/gcc/../../avr/include/util/delay_basic.h" 1
 415               		1: sbiw r30,1
 416               		brne 1b
 417               	 ;  0 "" 2
 418               	/* #NOAPP */
 419               	.LBE158:
 420               	.LBE157:
 421 00ae F901      	.LBE156:
 422               	.LBE155:
 424 00b0 3197      	.Ltext18:
 426               	.LM35:
 427               		out 50-32,__zero_reg__
 428               	.LBB159:
 429               	.LBB160:
 430               	.LBB161:
 431               	.LBB162:
 433               	.Ltext19:
 435               	.LM36:
 436 00b4 12BA      		movw r30,r18
 437               	/* #APP */
 438               	 ;  105 "g:/winavr/lib/gcc/../../avr/include/util/delay_basic.h" 1
 439               		1: sbiw r30,1
 440               		brne 1b
 441               	 ;  0 "" 2
 442               	/* #NOAPP */
 443               	.LBE162:
 444               	.LBE161:
 445 00b6 F901      	.LBE160:
 446               	.LBE159:
 447               	.LBE154:
 448 00b8 3197      	.LBE153:
 449 00ba 01F4      	.LBB163:
 450               	.LBB164:
 452               	.Ltext20:
 454               	.LM37:
 455               		ldi r24,lo8(-128)
 456               		out 56-32,r24
 458               	.LM38:
 459               		out 50-32,r25
 460               	.LBB165:
 461               	.LBB166:
 462               	.LBB167:
 463               	.LBB168:
 465 00be 88BB      	.Ltext21:
 467               	.LM39:
 468 00c0 92BB      		movw r30,r18
 469               	/* #APP */
 470               	 ;  105 "g:/winavr/lib/gcc/../../avr/include/util/delay_basic.h" 1
 471               		1: sbiw r30,1
 472               		brne 1b
 473               	 ;  0 "" 2
 474               	/* #NOAPP */
 475               	.LBE168:
 476               	.LBE167:
 477 00c2 F901      	.LBE166:
 478               	.LBE165:
 480 00c4 3197      	.Ltext22:
 482               	.LM40:
 483               		out 50-32,__zero_reg__
 484               	.LBB169:
 485               	.LBB170:
 486               	.LBB171:
 487               	.LBB172:
 489               	.Ltext23:
 491               	.LM41:
 492 00c8 12BA      		movw r30,r18
 493               	/* #APP */
 494               	 ;  105 "g:/winavr/lib/gcc/../../avr/include/util/delay_basic.h" 1
 495               		1: sbiw r30,1
 496               		brne 1b
 497               	 ;  0 "" 2
 498               	/* #NOAPP */
 499               	.LBE172:
 500               	.LBE171:
 501 00ca F901      	.LBE170:
 502               	.LBE169:
 503               	.LBE164:
 504 00cc 3197      	.LBE163:
 505 00ce 01F4      	.LBB173:
 506               	.LBB174:
 508               	.Ltext24:
 510               	.LM42:
 511               		ldi r24,lo8(56)
 512               		out 56-32,r24
 514               	.LM43:
 515               		out 50-32,r25
 516               	.LBB175:
 517               	.LBB176:
 518               	.LBB177:
 519               	.LBB178:
 521 00d2 88BB      	.Ltext25:
 523               	.LM44:
 524 00d4 92BB      		movw r24,r18
 525               	/* #APP */
 526               	 ;  105 "g:/winavr/lib/gcc/../../avr/include/util/delay_basic.h" 1
 527               		1: sbiw r24,1
 528               		brne 1b
 529               	 ;  0 "" 2
 530               	/* #NOAPP */
 531               	.LBE178:
 532               	.LBE177:
 533 00d6 C901      	.LBE176:
 534               	.LBE175:
 536 00d8 0197      	.Ltext26:
 538               	.LM45:
 539               		out 50-32,__zero_reg__
 540               	.LBB179:
 541               	.LBB180:
 542               	.LBB181:
 543               	.LBB182:
 545               	.Ltext27:
 547               	.LM46:
 548 00dc 12BA      		movw r24,r18
 549               	/* #APP */
 550               	 ;  105 "g:/winavr/lib/gcc/../../avr/include/util/delay_basic.h" 1
 551               		1: sbiw r24,1
 552               		brne 1b
 553               	 ;  0 "" 2
 554               	/* #NOAPP */
 555               	.LBE182:
 556               	.LBE181:
 557 00de C901      	.LBE180:
 558               	.LBE179:
 559               	.LBE174:
 560 00e0 0197      	.LBE173:
 561 00e2 01F4      	.LBB183:
 562               	.LBB184:
 564               	.Ltext28:
 566               	.LM47:
 567               		ldi r24,lo8(-26)
 568               		out 38-32,r24
 569               	.LBE184:
 570               	.LBE183:
 571               	.LBB185:
 572               	.LBB186:
 574               	.LM48:
 575               		ldi r21,lo8(64)
 576 00e4 86EE      		mov r4,r21
 577 00e6 86B9      	.LBB187:
 578               	.LBB188:
 579               	.LBB189:
 580               	.LBB190:
 582               	.Ltext29:
 584 00e8 50E4      	.LM49:
 585 00ea 452E      		ldi r20,lo8(3000)
 586               		mov r14,r20
 587               		ldi r20,hi8(3000)
 588               		mov r15,r20
 589               	.LBE190:
 590               	.LBE189:
 591               	.LBE188:
 592               	.LBE187:
 593               	.LBE186:
 594 00ec 48EB      	.LBE185:
 596 00f0 4BE0      	.Ltext30:
 598               	.LM50:
 599               		movw r12,r28
 600               		sec
 601               		adc r12,__zero_reg__
 602               		adc r13,__zero_reg__
 603               	.LBB196:
 604               	.LBB197:
 606               	.LM51:
 607               		ldi r19,lo8(5)
 608 00f4 6E01      		mov r5,r19
 609 00f6 0894      	.LBE197:
 610 00f8 C11C      	.LBE196:
 612               	.LM52:
 613               		ldi r18,lo8(5)
 614               		mov r8,r18
 615               		mov r9,__zero_reg__
 616 00fc 35E0      		add r8,r28
 617 00fe 532E      		adc r9,r29
 618               	.LBB207:
 619               	.LBB208:
 620               	.LBB209:
 621               	.LBB210:
 623 0102 822E      	.Ltext31:
 625 0106 8C0E      	.LM53:
 626 0108 9D1E      		ldi r25,lo8(300)
 627               		mov r10,r25
 628               		ldi r25,hi8(300)
 629               		mov r11,r25
 630               	.LBE210:
 631               	.LBE209:
 632               	.LBE208:
 633               	.LBE207:
 634               	.LBB214:
 635 010a 9CE2      	.LBB215:
 637 010e 91E0      	.Ltext32:
 639               	.LM54:
 640               		clr r6
 641               		inc r6
 643               	.LM55:
 644               		ldi r24,lo8(4)
 645               		mov r7,r24
 646               	.L12:
 647               	.LBE215:
 648               	.LBE214:
 649 0112 6624      	.LBB225:
 650 0114 6394      	.LBB195:
 652               	.Ltext33:
 654 0118 782E      	.LM56:
 655               		out 39-32,r4
 657               	.LM57:
 658               		sbi 39-32,0
 659               	.LBB194:
 660               	.LBB193:
 661               	.LBB192:
 662               	.LBB191:
 664 011a 47B8      	.Ltext34:
 666               	.LM58:
 667 011c 389A      		movw r24,r14
 668               	/* #APP */
 669               	 ;  105 "g:/winavr/lib/gcc/../../avr/include/util/delay_basic.h" 1
 670               		1: sbiw r24,1
 671               		brne 1b
 672               	 ;  0 "" 2
 673               	/* #NOAPP */
 674               	.LBE191:
 675               	.LBE192:
 676 011e C701      	.LBE193:
 677               	.LBE194:
 679 0120 0197      	.Ltext35:
 681               	.LM59:
 682               		in r25,36-32
 684               	.LM60:
 685               		in r24,37-32
 686               	.LBE195:
 687               	.LBE225:
 689               	.Ltext36:
 691 0124 94B1      	.LM61:
 692               		mov r17,r24
 693               		ldi r16,lo8(0)
 694 0126 85B1      		movw r18,r16
 695               		add r18,r25
 696               		adc r19,__zero_reg__
 697               		movw r24,r18
 698               		movw r22,r12
 699               		ldi r20,lo8(10)
 700               		ldi r21,hi8(10)
 701 0128 182F      		call itoa
 702 012a 00E0      		movw r30,r12
 703 012c 9801      	.L10:
 705 0130 311D      	.LM62:
 706 0132 C901      		ld r24,Z+
 707 0134 B601      	.LBB226:
 708 0136 4AE0      	.LBB206:
 710 013a 0E94 0000 	.LM63:
 711 013e F601      		out 56-32,r24
 713               	.LM64:
 714               		out 50-32,r5
 715 0140 8191      	.LBB198:
 716               	.LBB199:
 717               	.LBB200:
 718               	.LBB201:
 720 0142 88BB      	.Ltext37:
 722               	.LM65:
 723 0144 52BA      		movw r24,r14
 724               	/* #APP */
 725               	 ;  105 "g:/winavr/lib/gcc/../../avr/include/util/delay_basic.h" 1
 726               		1: sbiw r24,1
 727               		brne 1b
 728               	 ;  0 "" 2
 729               	/* #NOAPP */
 730               	.LBE201:
 731               	.LBE200:
 732 0146 C701      	.LBE199:
 733               	.LBE198:
 735 0148 0197      	.Ltext38:
 737               	.LM66:
 738               		out 50-32,__zero_reg__
 739               	.LBB202:
 740               	.LBB203:
 741               	.LBB204:
 742               	.LBB205:
 744               	.Ltext39:
 746               	.LM67:
 747 014c 12BA      		movw r24,r14
 748               	/* #APP */
 749               	 ;  105 "g:/winavr/lib/gcc/../../avr/include/util/delay_basic.h" 1
 750               		1: sbiw r24,1
 751               		brne 1b
 752               	 ;  0 "" 2
 753               	/* #NOAPP */
 754               	.LBE205:
 755               	.LBE204:
 756 014e C701      	.LBE203:
 757               	.LBE202:
 758               	.LBE206:
 759 0150 0197      	.LBE226:
 761               	.Ltext40:
 763               	.LM68:
 764               		cp r30,r8
 765               		cpc r31,r9
 766               		brne .L10
 767               		ldi r24,lo8(500)
 768               		ldi r25,hi8(500)
 769               	.L11:
 770               	.LBB227:
 771               	.LBB213:
 772               	.LBB212:
 773 0154 E815      	.LBB211:
 775 0158 01F4      	.Ltext41:
 777 015c 91E0      	.LM69:
 778               		movw r30,r10
 779               	/* #APP */
 780               	 ;  105 "g:/winavr/lib/gcc/../../avr/include/util/delay_basic.h" 1
 781               		1: sbiw r30,1
 782               		brne 1b
 783               	 ;  0 "" 2
 784               	/* #NOAPP */
 785               	.LBE211:
 786               	.LBE212:
 788               	.Ltext42:
 790 0160 3197      	.LM70:
 791 0162 01F4      		sbiw r24,1
 793               	.LM71:
 794               		brne .L11
 795               	.LBE213:
 796               	.LBE227:
 797               	.LBB228:
   1:g:/winavr/lib/gcc/../../avr/include/util/delay.h **** /* Copyright (c) 2002, Marek Michalkiewicz
   2:g:/winavr/lib/gcc/../../avr/include/util/delay.h ****    Copyright (c) 2004,2005,2007 Joerg Wunsch
   3:g:/winavr/lib/gcc/../../avr/include/util/delay.h ****    Copyright (c) 2007  Florin-Viorel Petrov
   4:g:/winavr/lib/gcc/../../avr/include/util/delay.h ****    All rights reserved.
   5:g:/winavr/lib/gcc/../../avr/include/util/delay.h **** 
   6:g:/winavr/lib/gcc/../../avr/include/util/delay.h ****    Redistribution and use in source and binary forms, with or without
   7:g:/winavr/lib/gcc/../../avr/include/util/delay.h ****    modification, are permitted provided that the following conditions are met:
   8:g:/winavr/lib/gcc/../../avr/include/util/delay.h **** 
   9:g:/winavr/lib/gcc/../../avr/include/util/delay.h ****    * Redistributions of source code must retain the above copyright
  10:g:/winavr/lib/gcc/../../avr/include/util/delay.h ****      notice, this list of conditions and the following disclaimer.
  11:g:/winavr/lib/gcc/../../avr/include/util/delay.h **** 
  12:g:/winavr/lib/gcc/../../avr/include/util/delay.h ****    * Redistributions in binary form must reproduce the above copyright
  13:g:/winavr/lib/gcc/../../avr/include/util/delay.h ****      notice, this list of conditions and the following disclaimer in
  14:g:/winavr/lib/gcc/../../avr/include/util/delay.h ****      the documentation and/or other materials provided with the
  15:g:/winavr/lib/gcc/../../avr/include/util/delay.h ****      distribution.
  16:g:/winavr/lib/gcc/../../avr/include/util/delay.h **** 
  17:g:/winavr/lib/gcc/../../avr/include/util/delay.h ****    * Neither the name of the copyright holders nor the names of
  18:g:/winavr/lib/gcc/../../avr/include/util/delay.h ****      contributors may be used to endorse or promote products derived
  19:g:/winavr/lib/gcc/../../avr/include/util/delay.h ****      from this software without specific prior written permission.
  20:g:/winavr/lib/gcc/../../avr/include/util/delay.h **** 
  21:g:/winavr/lib/gcc/../../avr/include/util/delay.h ****   THIS SOFTWARE IS PROVIDED BY THE COPYRIGHT HOLDERS AND CONTRIBUTORS "AS IS"
  22:g:/winavr/lib/gcc/../../avr/include/util/delay.h ****   AND ANY EXPRESS OR IMPLIED WARRANTIES, INCLUDING, BUT NOT LIMITED TO, THE
  23:g:/winavr/lib/gcc/../../avr/include/util/delay.h ****   IMPLIED WARRANTIES OF MERCHANTABILITY AND FITNESS FOR A PARTICULAR PURPOSE
  24:g:/winavr/lib/gcc/../../avr/include/util/delay.h ****   ARE DISCLAIMED. IN NO EVENT SHALL THE COPYRIGHT OWNER OR CONTRIBUTORS BE
  25:g:/winavr/lib/gcc/../../avr/include/util/delay.h ****   LIABLE FOR ANY DIRECT, INDIRECT, INCIDENTAL, SPECIAL, EXEMPLARY, OR
  26:g:/winavr/lib/gcc/../../avr/include/util/delay.h ****   CONSEQUENTIAL DAMAGES (INCLUDING, BUT NOT LIMITED TO, PROCUREMENT OF
  27:g:/winavr/lib/gcc/../../avr/include/util/delay.h ****   SUBSTITUTE GOODS OR SERVICES; LOSS OF USE, DATA, OR PROFITS; OR BUSINESS
  28:g:/winavr/lib/gcc/../../avr/include/util/delay.h ****   INTERRUPTION) HOWEVER CAUSED AND ON ANY THEORY OF LIABILITY, WHETHER IN
  29:g:/winavr/lib/gcc/../../avr/include/util/delay.h ****   CONTRACT, STRICT LIABILITY, OR TORT (INCLUDING NEGLIGENCE OR OTHERWISE)
  30:g:/winavr/lib/gcc/../../avr/include/util/delay.h ****   ARISING IN ANY WAY OUT OF THE USE OF THIS SOFTWARE, EVEN IF ADVISED OF THE
  31:g:/winavr/lib/gcc/../../avr/include/util/delay.h ****   POSSIBILITY OF SUCH DAMAGE. */
  32:g:/winavr/lib/gcc/../../avr/include/util/delay.h **** 
  33:g:/winavr/lib/gcc/../../avr/include/util/delay.h **** /* $Id: delay.h,v 1.5.2.1 2009/02/25 10:14:03 joerg_wunsch Exp $ */
  34:g:/winavr/lib/gcc/../../avr/include/util/delay.h **** 
  35:g:/winavr/lib/gcc/../../avr/include/util/delay.h **** #ifndef _UTIL_DELAY_H_
  36:g:/winavr/lib/gcc/../../avr/include/util/delay.h **** #define _UTIL_DELAY_H_ 1
  37:g:/winavr/lib/gcc/../../avr/include/util/delay.h **** 
  38:g:/winavr/lib/gcc/../../avr/include/util/delay.h **** #include <inttypes.h>
  39:g:/winavr/lib/gcc/../../avr/include/util/delay.h **** #include <util/delay_basic.h>
  40:g:/winavr/lib/gcc/../../avr/include/util/delay.h **** 
  41:g:/winavr/lib/gcc/../../avr/include/util/delay.h **** /** \file */
  42:g:/winavr/lib/gcc/../../avr/include/util/delay.h **** /** \defgroup util_delay <util/delay.h>: Convenience functions for busy-wait delay loops
  43:g:/winavr/lib/gcc/../../avr/include/util/delay.h ****     \code
  44:g:/winavr/lib/gcc/../../avr/include/util/delay.h ****     #define F_CPU 1000000UL  // 1 MHz
  45:g:/winavr/lib/gcc/../../avr/include/util/delay.h ****     //#define F_CPU 14.7456E6
  46:g:/winavr/lib/gcc/../../avr/include/util/delay.h ****     #include <util/delay.h>
  47:g:/winavr/lib/gcc/../../avr/include/util/delay.h ****     \endcode
  48:g:/winavr/lib/gcc/../../avr/include/util/delay.h **** 
  49:g:/winavr/lib/gcc/../../avr/include/util/delay.h ****     \note As an alternative method, it is possible to pass the
  50:g:/winavr/lib/gcc/../../avr/include/util/delay.h ****     F_CPU macro down to the compiler from the Makefile.
  51:g:/winavr/lib/gcc/../../avr/include/util/delay.h ****     Obviously, in that case, no \c \#define statement should be
  52:g:/winavr/lib/gcc/../../avr/include/util/delay.h ****     used.
  53:g:/winavr/lib/gcc/../../avr/include/util/delay.h **** 
  54:g:/winavr/lib/gcc/../../avr/include/util/delay.h ****     The functions in this header file are wrappers around the basic
  55:g:/winavr/lib/gcc/../../avr/include/util/delay.h ****     busy-wait functions from <util/delay_basic.h>.  They are meant as
  56:g:/winavr/lib/gcc/../../avr/include/util/delay.h ****     convenience functions where actual time values can be specified
  57:g:/winavr/lib/gcc/../../avr/include/util/delay.h ****     rather than a number of cycles to wait for.  The idea behind is
  58:g:/winavr/lib/gcc/../../avr/include/util/delay.h ****     that compile-time constant expressions will be eliminated by
  59:g:/winavr/lib/gcc/../../avr/include/util/delay.h ****     compiler optimization so floating-point expressions can be used
  60:g:/winavr/lib/gcc/../../avr/include/util/delay.h ****     to calculate the number of delay cycles needed based on the CPU
  61:g:/winavr/lib/gcc/../../avr/include/util/delay.h ****     frequency passed by the macro F_CPU.
  62:g:/winavr/lib/gcc/../../avr/include/util/delay.h **** 
  63:g:/winavr/lib/gcc/../../avr/include/util/delay.h ****     \note In order for these functions to work as intended, compiler
  64:g:/winavr/lib/gcc/../../avr/include/util/delay.h ****     optimizations <em>must</em> be enabled, and the delay time
  65:g:/winavr/lib/gcc/../../avr/include/util/delay.h ****     <em>must</em> be an expression that is a known constant at
  66:g:/winavr/lib/gcc/../../avr/include/util/delay.h ****     compile-time.  If these requirements are not met, the resulting
  67:g:/winavr/lib/gcc/../../avr/include/util/delay.h ****     delay will be much longer (and basically unpredictable), and
  68:g:/winavr/lib/gcc/../../avr/include/util/delay.h ****     applications that otherwise do not use floating-point calculations
  69:g:/winavr/lib/gcc/../../avr/include/util/delay.h ****     will experience severe code bloat by the floating-point library
  70:g:/winavr/lib/gcc/../../avr/include/util/delay.h ****     routines linked into the application.
  71:g:/winavr/lib/gcc/../../avr/include/util/delay.h **** 
  72:g:/winavr/lib/gcc/../../avr/include/util/delay.h ****     The functions available allow the specification of microsecond, and
  73:g:/winavr/lib/gcc/../../avr/include/util/delay.h ****     millisecond delays directly, using the application-supplied macro
  74:g:/winavr/lib/gcc/../../avr/include/util/delay.h ****     F_CPU as the CPU clock frequency (in Hertz).
  75:g:/winavr/lib/gcc/../../avr/include/util/delay.h **** 
  76:g:/winavr/lib/gcc/../../avr/include/util/delay.h **** */
  77:g:/winavr/lib/gcc/../../avr/include/util/delay.h **** 
  78:g:/winavr/lib/gcc/../../avr/include/util/delay.h **** #if !defined(__DOXYGEN__)
  79:g:/winavr/lib/gcc/../../avr/include/util/delay.h **** static inline void _delay_us(double __us) __attribute__((always_inline));
  80:g:/winavr/lib/gcc/../../avr/include/util/delay.h **** static inline void _delay_ms(double __ms) __attribute__((always_inline));
  81:g:/winavr/lib/gcc/../../avr/include/util/delay.h **** #endif
  82:g:/winavr/lib/gcc/../../avr/include/util/delay.h **** 
  83:g:/winavr/lib/gcc/../../avr/include/util/delay.h **** #ifndef F_CPU
  84:g:/winavr/lib/gcc/../../avr/include/util/delay.h **** /* prevent compiler error by supplying a default */
  85:g:/winavr/lib/gcc/../../avr/include/util/delay.h **** # warning "F_CPU not defined for <util/delay.h>"
  86:g:/winavr/lib/gcc/../../avr/include/util/delay.h **** # define F_CPU 1000000UL
  87:g:/winavr/lib/gcc/../../avr/include/util/delay.h **** #endif
  88:g:/winavr/lib/gcc/../../avr/include/util/delay.h **** 
  89:g:/winavr/lib/gcc/../../avr/include/util/delay.h **** #ifndef __OPTIMIZE__
  90:g:/winavr/lib/gcc/../../avr/include/util/delay.h **** # warning "Compiler optimizations disabled; functions from <util/delay.h> won't work as designed"
  91:g:/winavr/lib/gcc/../../avr/include/util/delay.h **** #endif
  92:g:/winavr/lib/gcc/../../avr/include/util/delay.h **** 
  93:g:/winavr/lib/gcc/../../avr/include/util/delay.h **** /**
  94:g:/winavr/lib/gcc/../../avr/include/util/delay.h ****    \ingroup util_delay
  95:g:/winavr/lib/gcc/../../avr/include/util/delay.h **** 
  96:g:/winavr/lib/gcc/../../avr/include/util/delay.h ****    Perform a delay of \c __ms milliseconds, using _delay_loop_2().
  97:g:/winavr/lib/gcc/../../avr/include/util/delay.h **** 
  98:g:/winavr/lib/gcc/../../avr/include/util/delay.h ****    The macro F_CPU is supposed to be defined to a
  99:g:/winavr/lib/gcc/../../avr/include/util/delay.h ****    constant defining the CPU clock frequency (in Hertz).
 100:g:/winavr/lib/gcc/../../avr/include/util/delay.h **** 
 101:g:/winavr/lib/gcc/../../avr/include/util/delay.h ****    The maximal possible delay is 262.14 ms / F_CPU in MHz.
 102:g:/winavr/lib/gcc/../../avr/include/util/delay.h **** 
 103:g:/winavr/lib/gcc/../../avr/include/util/delay.h ****    When the user request delay which exceed the maximum possible one,
 104:g:/winavr/lib/gcc/../../avr/include/util/delay.h ****    _delay_ms() provides a decreased resolution functionality. In this
 105:g:/winavr/lib/gcc/../../avr/include/util/delay.h ****    mode _delay_ms() will work with a resolution of 1/10 ms, providing
 106:g:/winavr/lib/gcc/../../avr/include/util/delay.h ****    delays up to 6.5535 seconds (independent from CPU frequency).  The
 107:g:/winavr/lib/gcc/../../avr/include/util/delay.h ****    user will not be informed about decreased resolution.
 108:g:/winavr/lib/gcc/../../avr/include/util/delay.h ****  */
 109:g:/winavr/lib/gcc/../../avr/include/util/delay.h **** void
 110:g:/winavr/lib/gcc/../../avr/include/util/delay.h **** _delay_ms(double __ms)
 111:g:/winavr/lib/gcc/../../avr/include/util/delay.h **** {
 112:g:/winavr/lib/gcc/../../avr/include/util/delay.h **** 	uint16_t __ticks;
 113:g:/winavr/lib/gcc/../../avr/include/util/delay.h **** 	double __tmp = ((F_CPU) / 4e3) * __ms;
 114:g:/winavr/lib/gcc/../../avr/include/util/delay.h **** 	if (__tmp < 1.0)
 115:g:/winavr/lib/gcc/../../avr/include/util/delay.h **** 		__ticks = 1;
 116:g:/winavr/lib/gcc/../../avr/include/util/delay.h **** 	else if (__tmp > 65535)
 117:g:/winavr/lib/gcc/../../avr/include/util/delay.h **** 	{
 118:g:/winavr/lib/gcc/../../avr/include/util/delay.h **** 		//	__ticks = requested delay in 1/10 ms
 119:g:/winavr/lib/gcc/../../avr/include/util/delay.h **** 		__ticks = (uint16_t) (__ms * 10.0);
 120:g:/winavr/lib/gcc/../../avr/include/util/delay.h **** 		while(__ticks)
 121:g:/winavr/lib/gcc/../../avr/include/util/delay.h **** 		{
 122:g:/winavr/lib/gcc/../../avr/include/util/delay.h **** 			// wait 1/10 ms
 123:g:/winavr/lib/gcc/../../avr/include/util/delay.h **** 			_delay_loop_2(((F_CPU) / 4e3) / 10);
 124:g:/winavr/lib/gcc/../../avr/include/util/delay.h **** 			__ticks --;
 799               	.LM71:
 800 0164 0197      		brne .L11
 801               	.LBE213:
 802               	.LBE227:
 803 0166 01F4      	.LBB228:
 804               	.LBB224:
 806               	.Ltext43:
 808               	.LM72:
 809               		out 56-32,r6
 811               	.LM73:
 812 0168 68BA      		out 50-32,r7
 813               	.LBB216:
 814               	.LBB217:
 815 016a 72BA      	.LBB218:
 816               	.LBB219:
 818               	.Ltext44:
 820               	.LM74:
 821               		movw r24,r14
 822               	/* #APP */
 823               	 ;  105 "g:/winavr/lib/gcc/../../avr/include/util/delay_basic.h" 1
 824 016c C701      		1: sbiw r24,1
 825               		brne 1b
 826               	 ;  0 "" 2
 827 016e 0197      	/* #NOAPP */
 828 0170 01F4      	.LBE219:
 829               	.LBE218:
 830               	.LBE217:
 831               	.LBE216:
 833               	.Ltext45:
 835               	.LM75:
 836               		out 50-32,__zero_reg__
 837               	.LBB220:
 838               	.LBB221:
 839 0172 12BA      	.LBB222:
 840               	.LBB223:
 842               	.Ltext46:
 844               	.LM76:
 845               		movw r24,r14
 846               	/* #APP */
 847               	 ;  105 "g:/winavr/lib/gcc/../../avr/include/util/delay_basic.h" 1
 848 0174 C701      		1: sbiw r24,1
 849               		brne 1b
 850               	 ;  0 "" 2
 851 0176 0197      	/* #NOAPP */
 852 0178 01F4      		rjmp .L12
 853               	.LBE223:
 854               	.LBE222:
 855 017a 00C0      	.LBE221:
 856               	.LBE220:
 857               	.LBE224:
 858               	.LBE228:
 875               	.Lscope5:
 877               	.Letext0:
 878               	...
DEFINED SYMBOLS
                            *ABS*:00000000 main.c
C:\Users\PRATHVI\AppData\Local\Temp/ccUUjTCb.s:2      *ABS*:0000003f __SREG__
C:\Users\PRATHVI\AppData\Local\Temp/ccUUjTCb.s:3      *ABS*:0000003e __SP_H__
C:\Users\PRATHVI\AppData\Local\Temp/ccUUjTCb.s:4      *ABS*:0000003d __SP_L__
C:\Users\PRATHVI\AppData\Local\Temp/ccUUjTCb.s:5      *ABS*:00000034 __CCP__
C:\Users\PRATHVI\AppData\Local\Temp/ccUUjTCb.s:6      *ABS*:00000000 __tmp_reg__
C:\Users\PRATHVI\AppData\Local\Temp/ccUUjTCb.s:7      *ABS*:00000001 __zero_reg__
C:\Users\PRATHVI\AppData\Local\Temp/ccUUjTCb.s:89     .text:00000000 adc_init
C:\Users\PRATHVI\AppData\Local\Temp/ccUUjTCb.s:111    .text:00000006 getdata
C:\Users\PRATHVI\AppData\Local\Temp/ccUUjTCb.s:169    .text:00000028 cmd
C:\Users\PRATHVI\AppData\Local\Temp/ccUUjTCb.s:240    .text:00000040 data
C:\Users\PRATHVI\AppData\Local\Temp/ccUUjTCb.s:308    .text:00000058 main

UNDEFINED SYMBOLS
itoa
